
> oracle_web@0.1.0 build
> next build

Ôû▓ Next.js 16.1.6 (Turbopack)
- Environments: .env.local

node.exe : ÔÜá The "middleware" file convention is deprecated. Please use "proxy" instead
. Learn more: https://nextjs.org/docs/messages/middleware-to-proxy
At line:1 char:1
+ & "C:\Program Files\nodejs/node.exe" "C:\Program Files\nodejs/node_mo ...
+ ~~~~~~~~~~~~~~~~~~~~~~~~~~~~~~~~~~~~~~~~~~~~~~~~~~~~~~~~~~~~~~~~~~~~~
    + CategoryInfo          : NotSpecified: (ÔÜá The "middle...leware-to-proxy:String) [ 
   ], RemoteException
    + FullyQualifiedErrorId : NativeCommandError
 
  Creating an optimized production build ...
Ô£ô Compiled successfully in 5.9s
  Running TypeScript ...
  Collecting page data using 11 workers ...
  Generating static pages using 11 workers (0/15) ...
Ô¿» useSearchParams() should be wrapped in a suspense boundary at page "/clients". Read m
ore: https://nextjs.org/docs/messages/missing-suspense-with-csr-bailout
    at Q (C:\Users\deniz\.gemini\antigravity\scratch\oracle-crm\.next\server\chunks\ssr\n
ode_modules_next_920e7746._.js:2:2111)
    at o (C:\Users\deniz\.gemini\antigravity\scratch\oracle-crm\.next\server\chunks\ssr\n
ode_modules_next_920e7746._.js:4:5284)
    at R (C:\Users\deniz\.gemini\antigravity\scratch\oracle-crm\.next\server\chunks\ssr\a
pp_clients_page_tsx_e83738f9._.js:1:10122)
    at an (C:\Users\deniz\.gemini\antigravity\scratch\oracle-crm\node_modules\next\dist\c
ompiled\next-server\app-page-turbo.runtime.prod.js:2:84360)
    at ai (C:\Users\deniz\.gemini\antigravity\scratch\oracle-crm\node_modules\next\dist\c
ompiled\next-server\app-page-turbo.runtime.prod.js:2:86179)
    at al (C:\Users\deniz\.gemini\antigravity\scratch\oracle-crm\node_modules\next\dist\c
ompiled\next-server\app-page-turbo.runtime.prod.js:2:107953)
    at as (C:\Users\deniz\.gemini\antigravity\scratch\oracle-crm\node_modules\next\dist\c
ompiled\next-server\app-page-turbo.runtime.prod.js:2:105368)
    at aa (C:\Users\deniz\.gemini\antigravity\scratch\oracle-crm\node_modules\next\dist\c
ompiled\next-server\app-page-turbo.runtime.prod.js:2:84712)
    at ai (C:\Users\deniz\.gemini\antigravity\scratch\oracle-crm\node_modules\next\dist\c
ompiled\next-server\app-page-turbo.runtime.prod.js:2:86228)
    at ai (C:\Users\deniz\.gemini\antigravity\scratch\oracle-crm\node_modules\next\dist\c
ompiled\next-server\app-page-turbo.runtime.prod.js:2:104708)
Error occurred prerendering page "/clients". Read more: https://nextjs.org/docs/messages/
prerender-error
Export encountered an error on /clients/page: /clients, exiting the build.
Ô¿» Next.js build worker exited with code: 1 and signal: null
